 
****************************************
Report : resources
Design : riscv_core
Version: G-2012.06-SP2
Date   : Wed Jan 31 13:00:48 2018
****************************************



Resource Report for this hierarchy in file ../rtl/riscv_core.v
=============================================================================
| Cell           | Module         | Parameters | Contained Operations       |
=============================================================================
| add_x_40       | DW01_add       | width=32   | add_781                    |
| sub_x_42       | DW01_sub       | width=32   | alu/sub_59                 |
| add_x_43       | DW01_add       | width=32   | alu/add_138                |
| lt_x_44        | DW_cmp         | width=32   | alu/lt_164                 |
| ne_x_58        | DW_cmp         | width=32   | u_branch/ne_130            |
| sub_x_59       | DW01_sub       | width=32   | u_branch/sub_50_C133       |
| sub_x_60       | DW01_sub       | width=32   | u_branch/sub_68_C136       |
| lt_x_61        | DW_cmp         | width=32   | u_branch/lt_139            |
| gte_x_62       | DW_cmp         | width=32   | u_branch/gte_142           |
| add_x_67       | DW01_add       | width=32   | u_lsu/add_87               |
| eq_x_77        | DW_cmp         | width=32   | u_branch/eq_127            |
|                |                |            | u_branch/eq_136            |
| DP_OP_181J1_124_5161            |            |                            |
|                | DP_OP_181J1_124_5161 |      |                            |
=============================================================================

Datapath Report for DP_OP_181J1_124_5161
==============================================================================
| Cell                 | Contained Operations                                |
==============================================================================
| DP_OP_181J1_124_5161 | u_branch/add_115 u_branch/add_120 u_branch/add_110  |
|                      | add_688                                             |
==============================================================================

==============================================================================
|       |      | Data     |       |                                          |
| Var   | Type | Class    | Width | Expression                               |
==============================================================================
| I1    | PI   | Signed   | 32    |                                          |
| I2    | PI   | Signed   | 21    |                                          |
| O1    | PO   | Signed   | 32    | I1 + I2                                  |
==============================================================================


Implementation Report
===============================================================================
|                    |                  | Current            | Set            |
| Cell               | Module           | Implementation     | Implementation |
===============================================================================
| add_x_40           | DW01_add         | apparch (area)     |                |
| sub_x_42           | DW01_sub         | apparch (area)     |                |
| add_x_43           | DW01_add         | apparch (area)     |                |
| lt_x_44            | DW_cmp           | apparch (area)     |                |
| ne_x_58            | DW_cmp           | apparch (area)     |                |
| sub_x_59           | DW01_sub         | apparch (area)     |                |
| sub_x_60           | DW01_sub         | apparch (area)     |                |
| lt_x_61            | DW_cmp           | apparch (area)     |                |
| gte_x_62           | DW_cmp           | apparch (area)     |                |
| add_x_67           | DW01_add         | apparch (area)     |                |
| eq_x_77            | DW_cmp           | apparch (area)     |                |
| DP_OP_181J1_124_5161                  |                    |                |
|                    | DP_OP_181J1_124_5161 | str (area)     |                |
===============================================================================


No multiplexors to report
1
